┌ Search (/ to focus) ───────────────────────────────────────────────────────────────────┐
│ Type to search Hoogle...                                                               │
└ name │ :: a -> b │ +pkg name │ module:Data.Map ────────────────────────────────────────┘
┌ Results (┌ Commands: pinned imports (1) ───────────────────────────────────┐───────────┐
│          │> Copy pinned imports  pins  Copy                                │           │
│  Start ty│                                                                 │           │
│          │                                                                 │           │
│  Try: map│                                                                 │           │
│          │                                                                 │           │
│  Press ? │                                                                 │           │
│          │                                                                 │           │
│          │                                                                 │           │
│          │                                                                 │           │
│          │                                                                 │           │
│          │                                                                 │           │
│          │                                                                 │           │
│          │                                                                 │           │
│          │                                                                 │           │
│          │                                                                 │           │
│          │                                                                 │           │
│          └─────────────────────────────────────────────────────────────────┘           │
│                                           ││                                           │
└───────────────────────────────────────────┘└───────────────────────────────────────────┘
 RESULTS │ test │ ↑↓/jk navigate │ Enter open docs │ Tab preview │ Ctrl-k commands │ / sea
