                                                                                
                                                                                
                                                                                
                                                                                
                                                                                
                                                                                
                                                                                
                             ┌ Filter Results ────┐                             
                             │● All               │                             
                             │○ Functions         │                             
                             │○ Data Types        │                             
                             │○ Type Aliases      │                             
                             │○ Newtypes          │                             
                             │○ Classes           │                             
                             │○ Modules           │                             
                             │○ Packages          │                             
                             └────────────────────┘
