┌ Data.Map.Strict (containers-0.6.7) ────────────────────────────────────────────────────┐
│Data.Map.Strict                                                                         │
│containers-0.6.7                                                                        │
│                                                                                        │
│Finite maps with strict values.                                                         │
│                                                                                        │
│                                                                                        │
│━━━━━━━━━━━━━━━━━━━━━━━━━━━━━━━━━━━━━━━━━━━━━━━━━━━━━━━━━━━━                            │
│lookup :: Ord k => k -> Map k a -> Maybe a                                              │
│━━━━━━━━━━━━━━━━━━━━━━━━━━━━━━━━━━━━━━━━━━━━━━━━━━━━━━━━━━━━                            │
│                                                                                        │
│Lookup the value at a key in the map.                                                   │
│                                                                                        │
│                                                                                        │
│                                                                                        │
│                                                                                        │
│                                                                                        │
│                                                                                        │
│                                                                                        │
│                                                                                        │
│                                                                                        │
│                                                                                        │
└────────────────────────────────────────────────────────────────────────────────────────┘
 DOCS │ test │ ↑↓/jk scroll │ n/p decl │ o toc │ / find │ Ctrl-k commands │ s source │ ? h
