┌ Source: answer ──────────────────────────────────────────────────────────────┐
│1 │ module Demo where                                                         │
│2 │ answer = 42                                                               │
│                                                                              │
│                                                                              │
│                                                                              │
│                                                                              │
└ 1-2/2 ───────────────────────────────────────────────────────────────────────┘
